// Jest Snapshot v1, https://goo.gl/fbAQLP

exports[`Price displays month and upfront prices 1`] = `
<div
  className="Price"
>
  
  <div
    className="Price__month"
  >
    <p>
      when you pay
       
      <span
        className="Price__value"
      >
        Â£
        43.2
      </span>
       a month
    </p>
  </div>
</div>
`;
